Program output: 4
Program output: 6
Program output: 10
Program output: 3
Program output: 4
Program output: 9
Program output: 16
Program output: 3
Program output: 10
Program output: 4
Program output: 0
